// Jest Snapshot v1, https://goo.gl/fbAQLP

exports[`DefaultBlank Should match snapshot 1`] = `
<DocumentFragment>
  <p>
    List is empty...
  </p>
</DocumentFragment>
`;
