// Jest Snapshot v1, https://goo.gl/fbAQLP

exports[`DefaultLoadIndicator Should match snapshot 1`] = `
<DocumentFragment>
  <div
    class="loading-indicator"
  >
    loading...
  </div>
</DocumentFragment>
`;
